/Users/samrud/SKILLS_VI/LawGPT/backend/venv/lib/python3.9/site-packages/urllib3/__init__.py:35: NotOpenSSLWarning: urllib3 v2 only supports OpenSSL 1.1.1+, currently the 'ssl' module is compiled with 'LibreSSL 2.8.3'. See: https://github.com/urllib3/urllib3/issues/3020
  warnings.warn(
INFO:     Started server process [60571]
INFO:     Waiting for application startup.
INFO:     Application startup complete.
INFO:     Uvicorn running on http://127.0.0.1:8001 (Press CTRL+C to quit)
(trapped) error reading bcrypt version
Traceback (most recent call last):
  File "/Users/samrud/SKILLS_VI/LawGPT/backend/venv/lib/python3.9/site-packages/passlib/handlers/bcrypt.py", line 620, in _load_backend_mixin
    version = _bcrypt.__about__.__version__
AttributeError: module 'bcrypt' has no attribute '__about__'
INFO:     127.0.0.1:51080 - "POST /signup HTTP/1.1" 500 Internal Server Error
ERROR:    Exception in ASGI application
Traceback (most recent call last):
  File "/Users/samrud/SKILLS_VI/LawGPT/backend/venv/lib/python3.9/site-packages/uvicorn/protocols/http/httptools_impl.py", line 399, in run_asgi
    result = await app(  # type: ignore[func-returns-value]
  File "/Users/samrud/SKILLS_VI/LawGPT/backend/venv/lib/python3.9/site-packages/uvicorn/middleware/proxy_headers.py", line 70, in __call__
    return await self.app(scope, receive, send)
  File "/Users/samrud/SKILLS_VI/LawGPT/backend/venv/lib/python3.9/site-packages/fastapi/applications.py", line 1054, in __call__
    await super().__call__(scope, receive, send)
  File "/Users/samrud/SKILLS_VI/LawGPT/backend/venv/lib/python3.9/site-packages/starlette/applications.py", line 123, in __call__
    await self.middleware_stack(scope, receive, send)
  File "/Users/samrud/SKILLS_VI/LawGPT/backend/venv/lib/python3.9/site-packages/starlette/middleware/errors.py", line 186, in __call__
    raise exc
  File "/Users/samrud/SKILLS_VI/LawGPT/backend/venv/lib/python3.9/site-packages/starlette/middleware/errors.py", line 164, in __call__
    await self.app(scope, receive, _send)
  File "/Users/samrud/SKILLS_VI/LawGPT/backend/venv/lib/python3.9/site-packages/starlette/middleware/cors.py", line 85, in __call__
    await self.app(scope, receive, send)
  File "/Users/samrud/SKILLS_VI/LawGPT/backend/venv/lib/python3.9/site-packages/starlette/middleware/exceptions.py", line 65, in __call__
    await wrap_app_handling_exceptions(self.app, conn)(scope, receive, send)
  File "/Users/samrud/SKILLS_VI/LawGPT/backend/venv/lib/python3.9/site-packages/starlette/_exception_handler.py", line 64, in wrapped_app
    raise exc
  File "/Users/samrud/SKILLS_VI/LawGPT/backend/venv/lib/python3.9/site-packages/starlette/_exception_handler.py", line 53, in wrapped_app
    await app(scope, receive, sender)
  File "/Users/samrud/SKILLS_VI/LawGPT/backend/venv/lib/python3.9/site-packages/starlette/routing.py", line 756, in __call__
    await self.middleware_stack(scope, receive, send)
  File "/Users/samrud/SKILLS_VI/LawGPT/backend/venv/lib/python3.9/site-packages/starlette/routing.py", line 776, in app
    await route.handle(scope, receive, send)
  File "/Users/samrud/SKILLS_VI/LawGPT/backend/venv/lib/python3.9/site-packages/starlette/routing.py", line 297, in handle
    await self.app(scope, receive, send)
  File "/Users/samrud/SKILLS_VI/LawGPT/backend/venv/lib/python3.9/site-packages/starlette/routing.py", line 77, in app
    await wrap_app_handling_exceptions(app, request)(scope, receive, send)
  File "/Users/samrud/SKILLS_VI/LawGPT/backend/venv/lib/python3.9/site-packages/starlette/_exception_handler.py", line 64, in wrapped_app
    raise exc
  File "/Users/samrud/SKILLS_VI/LawGPT/backend/venv/lib/python3.9/site-packages/starlette/_exception_handler.py", line 53, in wrapped_app
    await app(scope, receive, sender)
  File "/Users/samrud/SKILLS_VI/LawGPT/backend/venv/lib/python3.9/site-packages/starlette/routing.py", line 72, in app
    response = await func(request)
  File "/Users/samrud/SKILLS_VI/LawGPT/backend/venv/lib/python3.9/site-packages/fastapi/routing.py", line 278, in app
    raw_response = await run_endpoint_function(
  File "/Users/samrud/SKILLS_VI/LawGPT/backend/venv/lib/python3.9/site-packages/fastapi/routing.py", line 191, in run_endpoint_function
    return await dependant.call(**values)
  File "/Users/samrud/SKILLS_VI/LawGPT/backend/main.py", line 30, in signup
    hashed_password = get_password_hash(user.password)
  File "/Users/samrud/SKILLS_VI/LawGPT/backend/auth.py", line 25, in get_password_hash
    return pwd_context.hash(password)
  File "/Users/samrud/SKILLS_VI/LawGPT/backend/venv/lib/python3.9/site-packages/passlib/context.py", line 2258, in hash
    return record.hash(secret, **kwds)
  File "/Users/samrud/SKILLS_VI/LawGPT/backend/venv/lib/python3.9/site-packages/passlib/utils/handlers.py", line 779, in hash
    self.checksum = self._calc_checksum(secret)
  File "/Users/samrud/SKILLS_VI/LawGPT/backend/venv/lib/python3.9/site-packages/passlib/handlers/bcrypt.py", line 591, in _calc_checksum
    self._stub_requires_backend()
  File "/Users/samrud/SKILLS_VI/LawGPT/backend/venv/lib/python3.9/site-packages/passlib/utils/handlers.py", line 2254, in _stub_requires_backend
    cls.set_backend()
  File "/Users/samrud/SKILLS_VI/LawGPT/backend/venv/lib/python3.9/site-packages/passlib/utils/handlers.py", line 2156, in set_backend
    return owner.set_backend(name, dryrun=dryrun)
  File "/Users/samrud/SKILLS_VI/LawGPT/backend/venv/lib/python3.9/site-packages/passlib/utils/handlers.py", line 2163, in set_backend
    return cls.set_backend(name, dryrun=dryrun)
  File "/Users/samrud/SKILLS_VI/LawGPT/backend/venv/lib/python3.9/site-packages/passlib/utils/handlers.py", line 2188, in set_backend
    cls._set_backend(name, dryrun)
  File "/Users/samrud/SKILLS_VI/LawGPT/backend/venv/lib/python3.9/site-packages/passlib/utils/handlers.py", line 2311, in _set_backend
    super(SubclassBackendMixin, cls)._set_backend(name, dryrun)
  File "/Users/samrud/SKILLS_VI/LawGPT/backend/venv/lib/python3.9/site-packages/passlib/utils/handlers.py", line 2224, in _set_backend
    ok = loader(**kwds)
  File "/Users/samrud/SKILLS_VI/LawGPT/backend/venv/lib/python3.9/site-packages/passlib/handlers/bcrypt.py", line 626, in _load_backend_mixin
    return mixin_cls._finalize_backend_mixin(name, dryrun)
  File "/Users/samrud/SKILLS_VI/LawGPT/backend/venv/lib/python3.9/site-packages/passlib/handlers/bcrypt.py", line 421, in _finalize_backend_mixin
    if detect_wrap_bug(IDENT_2A):
  File "/Users/samrud/SKILLS_VI/LawGPT/backend/venv/lib/python3.9/site-packages/passlib/handlers/bcrypt.py", line 380, in detect_wrap_bug
    if verify(secret, bug_hash):
  File "/Users/samrud/SKILLS_VI/LawGPT/backend/venv/lib/python3.9/site-packages/passlib/utils/handlers.py", line 792, in verify
    return consteq(self._calc_checksum(secret), chk)
  File "/Users/samrud/SKILLS_VI/LawGPT/backend/venv/lib/python3.9/site-packages/passlib/handlers/bcrypt.py", line 655, in _calc_checksum
    hash = _bcrypt.hashpw(secret, config)
ValueError: password cannot be longer than 72 bytes, truncate manually if necessary (e.g. my_password[:72])
